1696:C 04 Apr 2025 10:33:12.236 # oO0OoO0OoO0Oo Redis is starting oO0OoO0OoO0Oo
1696:C 04 Apr 2025 10:33:12.236 # Redis version=5.0.7, bits=64, commit=00000000, modified=0, pid=1696, just started
1696:C 04 Apr 2025 10:33:12.236 # Configuration loaded
1696:M 04 Apr 2025 10:33:12.250 * Running mode=standalone, port=6379.
1696:M 04 Apr 2025 10:33:12.250 # Server initialized
1696:M 04 Apr 2025 10:33:12.250 # WARNING you have Transparent Huge Pages (THP) support enabled in your kernel. This will create latency and memory usage issues with Redis. To fix this issue run the command 'echo never > /sys/kernel/mm/transparent_hugepage/enabled' as root, and add it to your /etc/rc.local in order to retain the setting after a reboot. Redis must be restarted after THP is disabled.
1696:M 04 Apr 2025 10:33:12.292 * DB loaded from disk: 0.041 seconds
1696:M 04 Apr 2025 10:33:12.294 * Ready to accept connections
1696:M 04 Apr 2025 10:35:33.116 * 1 changes in 15 seconds. Saving...
1696:M 04 Apr 2025 10:35:33.117 * Background saving started by pid 2516
2516:C 04 Apr 2025 10:35:33.243 * DB saved on disk
2516:C 04 Apr 2025 10:35:33.245 * RDB: 0 MB of memory used by copy-on-write
1696:M 04 Apr 2025 10:35:33.317 * Background saving terminated with success
1696:M 04 Apr 2025 10:35:49.006 * 1 changes in 15 seconds. Saving...
1696:M 04 Apr 2025 10:35:49.007 * Background saving started by pid 2527
2527:C 04 Apr 2025 10:35:49.033 * DB saved on disk
2527:C 04 Apr 2025 10:35:49.034 * RDB: 0 MB of memory used by copy-on-write
1696:M 04 Apr 2025 10:35:49.107 * Background saving terminated with success
1696:signal-handler (1743763121) Received SIGTERM scheduling shutdown...
1696:M 04 Apr 2025 10:38:42.032 # User requested shutdown...
1696:M 04 Apr 2025 10:38:42.032 * Saving the final RDB snapshot before exiting.
1696:M 04 Apr 2025 10:38:42.055 * DB saved on disk
1696:M 04 Apr 2025 10:38:42.056 # Redis is now ready to exit, bye bye...
