1718:C 04 Apr 2025 08:17:24.373 # oO0OoO0OoO0Oo Redis is starting oO0OoO0OoO0Oo
1718:C 04 Apr 2025 08:17:24.373 # Redis version=5.0.7, bits=64, commit=00000000, modified=0, pid=1718, just started
1718:C 04 Apr 2025 08:17:24.373 # Configuration loaded
1718:M 04 Apr 2025 08:17:24.385 * Running mode=standalone, port=6379.
1718:M 04 Apr 2025 08:17:24.385 # Server initialized
1718:M 04 Apr 2025 08:17:24.385 # WARNING you have Transparent Huge Pages (THP) support enabled in your kernel. This will create latency and memory usage issues with Redis. To fix this issue run the command 'echo never > /sys/kernel/mm/transparent_hugepage/enabled' as root, and add it to your /etc/rc.local in order to retain the setting after a reboot. Redis must be restarted after THP is disabled.
1718:M 04 Apr 2025 08:17:24.436 * DB loaded from disk: 0.051 seconds
1718:M 04 Apr 2025 08:17:24.436 * Ready to accept connections
1718:M 04 Apr 2025 08:20:19.332 * 1 changes in 15 seconds. Saving...
1718:M 04 Apr 2025 08:20:19.333 * Background saving started by pid 2556
2556:C 04 Apr 2025 08:20:19.370 * DB saved on disk
2556:C 04 Apr 2025 08:20:19.373 * RDB: 0 MB of memory used by copy-on-write
1718:M 04 Apr 2025 08:20:19.433 * Background saving terminated with success
1718:M 04 Apr 2025 08:20:35.050 * 1 changes in 15 seconds. Saving...
1718:M 04 Apr 2025 08:20:35.051 * Background saving started by pid 2573
2573:C 04 Apr 2025 08:20:35.084 * DB saved on disk
2573:C 04 Apr 2025 08:20:35.085 * RDB: 0 MB of memory used by copy-on-write
1718:M 04 Apr 2025 08:20:35.151 * Background saving terminated with success
1718:M 04 Apr 2025 08:34:39.729 * 1 changes in 15 seconds. Saving...
1718:M 04 Apr 2025 08:34:39.729 * Background saving started by pid 2811
2811:C 04 Apr 2025 08:34:39.972 * DB saved on disk
2811:C 04 Apr 2025 08:34:39.976 * RDB: 0 MB of memory used by copy-on-write
1718:M 04 Apr 2025 08:34:39.992 * Background saving terminated with success
1718:M 04 Apr 2025 08:34:55.076 * 1 changes in 15 seconds. Saving...
1718:M 04 Apr 2025 08:34:55.077 * Background saving started by pid 2828
2828:C 04 Apr 2025 08:34:55.127 * DB saved on disk
2828:C 04 Apr 2025 08:34:55.128 * RDB: 0 MB of memory used by copy-on-write
1718:M 04 Apr 2025 08:34:55.177 * Background saving terminated with success
1718:signal-handler (1743756084) Received SIGTERM scheduling shutdown...
1718:M 04 Apr 2025 08:41:24.303 # User requested shutdown...
1718:M 04 Apr 2025 08:41:24.303 * Saving the final RDB snapshot before exiting.
1718:M 04 Apr 2025 08:41:24.357 * DB saved on disk
1718:M 04 Apr 2025 08:41:24.357 # Redis is now ready to exit, bye bye...
